exports[`ui actions should create an action to select an event 1`] = `
Object {
  "color": "#a5aaf2",
  "image": "ec8672d6-3787-4ce6-a35b-715d012f23e4.jpg",
  "type": "SELECT_EVENT",
}
`;
