exports[`dates formatDateTimeShort should format date correctly 1`] = `"Jan 1, 13:00"`;
